[antrian.pratamaciptasolusindo.com/index.html]
[backblue.gif]
[fade.gif]
[index.html]
[antrian.pratamaciptasolusindo.com/public/assets/css/bootstrap.css]
[antrian.pratamaciptasolusindo.com/public/vendor/font-awesome/css/font-awesome.min.css]
[antrian.pratamaciptasolusindo.com/public/vendor/prismjs/themes/prism-okaidia.css]
[antrian.pratamaciptasolusindo.com/public/vendor/gritter/css/jquery.gritter.css]
[antrian.pratamaciptasolusindo.com/public/assets/css/custom.min.css]
[antrian.pratamaciptasolusindo.com/public/images/background.png]
[antrian.pratamaciptasolusindo.com/layar/index.html]
[antrian.pratamaciptasolusindo.com/anjungan/index.html]
[antrian.pratamaciptasolusindo.com/public/vendor/gritter/js/jquery.gritter.min.js]
[antrian.pratamaciptasolusindo.com/public/vendor/jquery.print/js/jquery.print.js]
[antrian.pratamaciptasolusindo.com/public/vendor/prismjs/prism.js]
[antrian.pratamaciptasolusindo.com/public/vendor/bootstrap/dist/js/bootstrap.bundle.min.js]
[antrian.pratamaciptasolusindo.com/public/vendor/jquery/dist/jquery.min.js]
[antrian.pratamaciptasolusindo.com/public/assets/js/custom.js]
[antrian.pratamaciptasolusindo.com/index.html]
[antrian.pratamaciptasolusindo.com/public/assets/css/bootstrap.css]
[antrian.pratamaciptasolusindo.com/public/vendor/font-awesome/fonts/fontawesome-webfont3e6e.woff2]
[antrian.pratamaciptasolusindo.com/public/vendor/font-awesome/fonts/fontawesome-webfont3e6e.woff]
[antrian.pratamaciptasolusindo.com/public/vendor/font-awesome/fonts/fontawesome-webfont3e6e.eot]
[antrian.pratamaciptasolusindo.com/public/vendor/font-awesome/fonts/fontawesome-webfontd41d.eot]
[antrian.pratamaciptasolusindo.com/public/vendor/font-awesome/fonts/fontawesome-webfont3e6e.svg]
[antrian.pratamaciptasolusindo.com/public/vendor/font-awesome/css/font-awesome.min.css]
[antrian.pratamaciptasolusindo.com/public/vendor/prismjs/themes/prism-okaidia.css]
[antrian.pratamaciptasolusindo.com/public/vendor/gritter/images/ie-spacer.gif]
[antrian.pratamaciptasolusindo.com/public/vendor/gritter/images/gritter.png]
[antrian.pratamaciptasolusindo.com/public/vendor/gritter/images/gritter-light.png]
[antrian.pratamaciptasolusindo.com/public/vendor/gritter/css/jquery.gritter.css]
[antrian.pratamaciptasolusindo.com/public/assets/img/splash.svg]
[antrian.pratamaciptasolusindo.com/public/assets/css/custom.min.css]
[antrian.pratamaciptasolusindo.com/public/vendor/font-awesome/fonts/fontawesome-webfont3e6e.ttf]
[antrian.pratamaciptasolusindo.com/public/images/logo.png]
[antrian.pratamaciptasolusindo.com/public/images/line.jpg]
[antrian.pratamaciptasolusindo.com/anjungan/proses6ea3.html]
[antrian.pratamaciptasolusindo.com/anjungan/prosesc98c.html]
[antrian.pratamaciptasolusindo.com/anjungan/proses3654.html]
[antrian.pratamaciptasolusindo.com/anjungan/proses6744.html]
[antrian.pratamaciptasolusindo.com/anjungan/prosesb7b5.html]
[antrian.pratamaciptasolusindo.com/anjungan/index.html]
[antrian.pratamaciptasolusindo.com/public/images/logo_light.png]
[antrian.pratamaciptasolusindo.com/public/video/profil_polres_pati.mp4]
[antrian.pratamaciptasolusindo.com/layar/prosesd095.html]
[antrian.pratamaciptasolusindo.com/layar/prosesb94c.html]
[antrian.pratamaciptasolusindo.com/layar/prosese996.html]
[antrian.pratamaciptasolusindo.com/layar/proses1623.html]
[antrian.pratamaciptasolusindo.com/layar/proses1604.html]
[antrian.pratamaciptasolusindo.com/layar/index.html]
[antrian.pratamaciptasolusindo.com/petugas/login.html]
[antrian.pratamaciptasolusindo.com/petugas/index.html]
[antrian.pratamaciptasolusindo.com/atasan/login.html]
[antrian.pratamaciptasolusindo.com/atasan/index.html]
[antrian.pratamaciptasolusindo.com/public/vendor/font-awesome/fonts/fontawesome-webfont3e6e.svg]
[antrian.pratamaciptasolusindo.com/public/assets/img/splash.svg]
[antrian.pratamaciptasolusindo.com/anjungan/proses6ea3.html]
[antrian.pratamaciptasolusindo.com/anjungan/prosesc98c.html]
[antrian.pratamaciptasolusindo.com/anjungan/proses3654.html]
[antrian.pratamaciptasolusindo.com/anjungan/proses6744.html]
[antrian.pratamaciptasolusindo.com/anjungan/prosesb7b5.html]
[antrian.pratamaciptasolusindo.com/layar/prosesd095.html]
[antrian.pratamaciptasolusindo.com/layar/prosesb94c.html]
[antrian.pratamaciptasolusindo.com/layar/prosese996.html]
[antrian.pratamaciptasolusindo.com/layar/proses1623.html]
[antrian.pratamaciptasolusindo.com/layar/proses1604.html]
[antrian.pratamaciptasolusindo.com/public/4/united/bootstrap.css]
[antrian.pratamaciptasolusindo.com/public/4/vendor/font-awesome/css/font-awesome.min.css]
[antrian.pratamaciptasolusindo.com/public/4/assets/css/custom.min.css]
[antrian.pratamaciptasolusindo.com/petugas/login.html]
[antrian.pratamaciptasolusindo.com/public/4/vendor/jquery/dist/jquery.min.js]
[antrian.pratamaciptasolusindo.com/public/4/assets/js/custom.js]
[antrian.pratamaciptasolusindo.com/public/4/vendor/popper.js/dist/umd/popper.min.js]
[antrian.pratamaciptasolusindo.com/public/4/vendor/bootstrap/dist/js/bootstrap.min.js]
[antrian.pratamaciptasolusindo.com/atasan/login.html]
[antrian.pratamaciptasolusindo.com/public/4/united/bootstrap.css]
[antrian.pratamaciptasolusindo.com/public/4/vendor/font-awesome/fonts/fontawesome-webfont3e6e.woff2]
[antrian.pratamaciptasolusindo.com/public/4/vendor/font-awesome/fonts/fontawesome-webfont3e6e.woff]
[antrian.pratamaciptasolusindo.com/public/4/vendor/font-awesome/fonts/fontawesome-webfont3e6e.eot]
[antrian.pratamaciptasolusindo.com/public/4/vendor/font-awesome/css/font-awesome.min.css]
[antrian.pratamaciptasolusindo.com/public/4/vendor/font-awesome/fonts/fontawesome-webfont3e6e.svg]
[antrian.pratamaciptasolusindo.com/public/4/assets/css/custom.min.css]
[antrian.pratamaciptasolusindo.com/public/4/vendor/font-awesome/fonts/fontawesome-webfontd41d.eot]
[antrian.pratamaciptasolusindo.com/public/4/vendor/font-awesome/fonts/fontawesome-webfont3e6e.ttf]
[antrian.pratamaciptasolusindo.com/public/4/vendor/font-awesome/fonts/fontawesome-webfont3e6e.svg]
